// Jest Snapshot v1, https://goo.gl/fbAQLP

exports[`Should render Header correctly 1`] = `
<div>
  <h1>
    Expensify
  </h1>
  <p>
    <NavLink
      activeClassName="is-active"
      ariaCurrent="true"
      to="/dashboard"
    >
      Go Home
    </NavLink>
     --
    <NavLink
      activeClassName="is-active"
      ariaCurrent="true"
      to="/create"
    >
      Add
    </NavLink>
     --
    <button
      onClick={[Function]}
    >
      Logout
    </button>
  </p>
</div>
`;
