// Jest Snapshot v1, https://goo.gl/fbAQLP

exports[`Should render Not Found page correctly 1`] = `
<div>
  This is 404!
</div>
`;
